== warm-up 60,45
  warmup ok
== 25,25  order ['slow', 'ctrl']
ok
  slow ok -> 6 files verify00561.csv..verify00566.csv
  ctrl ERR {"error":{"code":400,"message":"Resonance contact: no contact detected (halted=False) at SPEED=0.20; lower SPEED, lower the start height, raise ACCEL_PER_HZ, or increase DISTANCE.  SPEED is usually the one that matters: the excitation needs TIME to ring down once the nozzle is damped, and only ~0.1m -> 6 files verify00567.csv..verify00572.csv
== 55,25  order ['ctrl', 'slow']
ok
  ctrl ok -> 6 files verify00573.csv..verify00578.csv
  slow ok -> 6 files verify00579.csv..verify00584.csv
== 85,25  order ['slow', 'ctrl']
ok
  slow ok -> 6 files verify00585.csv..verify00590.csv
  ctrl ok -> 6 files verify00591.csv..verify00596.csv
== 105,45  order ['ctrl', 'slow']
ok
  ctrl ok -> 6 files verify00597.csv..verify00602.csv
  slow ok -> 6 files verify00603.csv..verify00608.csv
== 40,45  order ['slow', 'ctrl']
ok
  slow ok -> 6 files verify00609.csv..verify00614.csv
  ctrl ok -> 6 files verify00615.csv..verify00620.csv
== 70,60  order ['ctrl', 'slow']
ok
  ctrl ok -> 6 files verify00621.csv..verify00626.csv
  slow ok -> 6 files verify00627.csv..verify00632.csv
== 45,80  order ['slow', 'ctrl']
ok
  slow ok -> 6 files verify00633.csv..verify00638.csv
  ctrl ok -> 6 files verify00639.csv..verify00644.csv
== 25,100  order ['ctrl', 'slow']
ok
  ctrl ok -> 6 files verify00645.csv..verify00650.csv
  slow ok -> 8 files verify00651.csv..verify00658.csv
== 60,100  order ['slow', 'ctrl']
ok
  slow ok -> 6 files verify00659.csv..verify00664.csv
  ctrl ok -> 6 files verify00665.csv..verify00670.csv
== 95,95  order ['ctrl', 'slow']
ok
  ctrl ok -> 6 files verify00671.csv..verify00676.csv
  slow ok -> 6 files verify00677.csv..verify00682.csv
ok
DONE
